[2025-06-14 00:41:26] [32minfo[39m: Connected to DB successfully
[2025-06-14 00:41:32] [32minfo[39m: Connected to DB successfully
[2025-06-14 00:41:42] [32minfo[39m: Connected to DB successfully
[2025-06-14 00:42:29] [32minfo[39m: Connected to DB successfully
[2025-06-14 00:42:41] [32minfo[39m: Server listening on port number 3410
[2025-06-14 00:42:41] [32minfo[39m: Connected to DB successfully
[2025-06-14 00:42:56] [33mwarn[39m: Server listening on port number 3410
[2025-06-14 00:42:56] [32minfo[39m: Connected to DB successfully
[2025-06-14 00:43:07] [31merror[39m: Server listening on port number 3410
[2025-06-14 00:43:07] [32minfo[39m: Connected to DB successfully
[2025-06-14 00:44:51] [31merror[39m: [31mServer listening on port number 3410[39m
[2025-06-14 00:44:51] [32minfo[39m: [32mConnected to DB successfully[39m
[2025-06-14 00:45:16] [31mServer listening on port number 3410[39m
[2025-06-14 00:45:16] [32mConnected to DB successfully[39m
[2025-06-14 00:45:30] [31mServer listening on port number 3410[39m
[2025-06-14 00:45:30] [32mConnected to DB successfully[39m
[2025-06-14 00:45:34] [31mServer listening on port number 3410[39m
[2025-06-14 00:45:34] [32mConnected to DB successfully[39m
[2025-06-14 00:45:36] [31mServer listening on port number 3410[39m
[2025-06-14 00:45:36] [32mConnected to DB successfully[39m
[2025-06-14 00:45:50] [31mServer listening on port number 3410[39m
[2025-06-14 00:45:50] [32mConnected to DB successfully[39m
[2025-06-14 00:45:52] [31mServer listening on port number 3410[39m
[2025-06-14 00:45:52] [32mConnected to DB successfully[39m
[2025-06-13T19:23:10.512Z] error: Server listening on port number 3410
[2025-06-13T19:23:10.552Z] info: Connected to DB successfully
[2025-06-13T19:23:33.885Z] error: Server listening on port number 3410
[2025-06-13T19:23:33.925Z] info: Connected to DB successfully
[2025-06-13T19:23:54.128Z] error: Server listening on port number 3410
[2025-06-13T19:23:54.155Z] info: Connected to DB successfully
[2025-06-13T19:24:42.198Z] error: Server listening on port number 3410
[2025-06-13T19:24:42.220Z] info: Connected to DB successfully
[2025-06-13T19:24:58.330Z] info: hello
[2025-06-13T19:24:58.476Z] error: Server listening on port number 3410
[2025-06-13T19:24:58.515Z] info: Connected to DB successfully
[2025-06-13T19:25:00.740Z] info: hello
[2025-06-13T19:25:00.804Z] error: Server listening on port number 3410
[2025-06-13T19:25:00.828Z] info: Connected to DB successfully
[2025-06-13T19:25:14.097Z] info: hello
[2025-06-13T19:25:14.215Z] error: Server listening on port number 3410
[2025-06-13T19:25:14.382Z] info: Connected to DB successfully
[32minfo[39m: [32m[2025-06-13T19:26:09.506Z] hello[39m
[31merror[39m: [31mServer listening on port number 3410[39m
[32minfo[39m: [32mConnected to DB successfully[39m
[32minfo[39m: [32m[2025-06-13T19:26:28.437Z] hello[39m
[31merror[39m: [31m[2025-06-13T19:26:28.517Z] Server listening on port number 3410[39m
[32minfo[39m: [32mConnected to DB successfully[39m
[32minfo[39m: [32mServer listening on port number 3410[39m
[32minfo[39m: [32mConnected to DB successfully[39m
[2025-06-14 00:57:03] [32mServer listening on port number 3410[39m
[2025-06-14 00:57:03] [32mConnected to DB successfully[39m
[2025-06-14 00:57:26] [32minfo[39m: [32mServer listening on port number 3410[39m
[2025-06-14 00:57:26] [32minfo[39m: [32mConnected to DB successfully[39m
[2025-06-14 00:57:47] [32minfo[39m: [32mServer listening on port number 3410[39m
[2025-06-14 00:57:47] [32minfo[39m: [32mConnected to DB successfully[39m
[2025-06-14 00:58:02] [32minfo[39m: [32mServer listening on port number 3410[39m
[2025-06-14 00:58:02] [32minfo[39m: [32mConnected to DB successfully[39m
[2025-06-14 00:58:36] [32minfo[39m: [32mServer listening on port number 3410[39m
[2025-06-14 00:58:36] [32minfo[39m: [32mConnected to DB successfully[39m
[2025-06-14 00:58:50] [32minfo[39m: [32mServer listening on port number 3410[39m
[2025-06-14 00:58:50] [32minfo[39m: [32mConnected to DB successfully[39m
[2025-06-14 00:59:00] [32minfo[39m: [32mServer listening on port number 3410[39m
[2025-06-14 00:59:01] [32minfo[39m: [32mConnected to DB successfully[39m
[2025-06-14 01:02:11] [32minfo[39m: [32mServer listening on port number 3410[39m
[2025-06-14 01:02:11] [32minfo[39m: [32mConnected to DB successfully[39m
[2025-06-14 01:02:27] [32minfo[39m: [32mServer listening on port number 3410[39m
[2025-06-14 01:02:27] [32minfo[39m: [32mConnected to DB successfully[39m
[2025-06-14 01:03:01] [32minfo[39m: [32mServer listening on port number 3410[39m
[2025-06-14 01:03:02] [32minfo[39m: [32mConnected to DB successfully[39m
[2025-06-14 01:03:42] [32minfo[39m: [32mServer listening on port number 3410[39m
[2025-06-14 01:03:42] [32minfo[39m: [32mConnected to DB successfully[39m
[2025-06-14 01:03:51] [32minfo[39m: [32mServer listening on port number 3410[39m
[2025-06-14 01:03:51] [32minfo[39m: [32mConnected to DB successfully[39m
[2025-06-14 01:04:09] [32minfo[39m: [32mServer listening on port number 3410[39m
[2025-06-14 01:04:09] [32minfo[39m: [32mConnected to DB successfully[39m
[2025-06-14 01:04:22] [32minfo[39m: [32mServer listening on port number 3410[39m
[2025-06-14 01:04:22] [32minfo[39m: [32mConnected to DB successfully[39m
[2025-06-14 01:04:30] [32minfo[39m: [32mServer listening on port number 3410[39m
[2025-06-14 01:04:30] [32minfo[39m: [32mConnected to DB successfully[39m
[2025-06-14 01:04:34] [32minfo[39m: [32mServer listening on port number 3410[39m
[2025-06-14 01:04:34] [32minfo[39m: [32mConnected to DB successfully[39m
[2025-06-14 01:04:41] [32minfo[39m: [32mServer listening on port number 3410[39m
[2025-06-14 01:04:41] [32minfo[39m: [32mConnected to DB successfully[39m
[2025-06-14 01:05:16] [32minfo[39m: [32mServer listening on port number 3410[39m
[2025-06-14 01:05:16] [32minfo[39m: [32mConnected to DB successfully[39m
[2025-06-14 01:07:04] [32minfo[39m: [32mServer listening on port number 3410[39m
[2025-06-14 01:07:04] [32minfo[39m: [32mConnected to DB successfully[39m
[2025-06-14 01:10:37] [32minfo[39m: [32mServer listening on port number 3410[39m
[2025-06-14 01:10:37] [32minfo[39m: [32mConnected to DB successfully[39m
[2025-06-14 01:12:27] [32minfo[39m: [32mServer listening on port number 3410[39m
[2025-06-14 01:12:27] [32minfo[39m: [32mConnected to DB successfully[39m
[2025-06-14 01:13:17] [32minfo[39m: [32mServer listening on port number 3410[39m
[2025-06-14 01:13:17] [32minfo[39m: [32mConnected to DB successfully[39m
[2025-06-14 01:13:41] [32minfo[39m: [32mServer listening on port number 3410[39m
[2025-06-14 01:13:41] [32minfo[39m: [32mConnected to DB successfully[39m
[2025-06-14 01:14:25] [32minfo[39m: [32mServer listening on port number 3410[39m
[2025-06-14 01:14:25] [32minfo[39m: [32mConnected to DB successfully[39m
[2025-06-14 01:14:37] [32minfo[39m: [32mServer listening on port number 3410[39m
[2025-06-14 01:14:37] [32minfo[39m: [32mConnected to DB successfully[39m
[2025-06-14 01:15:01] [32minfo[39m: [32mServer listening on port number 3410[39m
[2025-06-14 01:15:01] [32minfo[39m: [32mConnected to DB successfully[39m
[2025-06-14 01:15:09] [32minfo[39m: [32mServer listening on port number 3410[39m
[2025-06-14 01:15:09] [32minfo[39m: [32mConnected to DB successfully[39m
[2025-06-14 01:15:55] [32minfo[39m: [32mServer listening on port number 3410[39m
[2025-06-14 01:15:55] [32minfo[39m: [32mConnected to DB successfully[39m
[2025-06-14 01:16:33] [32minfo[39m: [32mServer listening on port number 3410[39m
[2025-06-14 01:16:33] [32minfo[39m: [32mConnected to DB successfully[39m
[2025-06-14 01:16:53] [32minfo[39m: [32mServer listening on port number 3410[39m
[2025-06-14 01:16:53] [32minfo[39m: [32mConnected to DB successfully[39m
[2025-06-14 01:17:35] [32minfo[39m: [32mServer listening on port number 3410[39m
[2025-06-14 01:17:35] [32minfo[39m: [32mConnected to DB successfully[39m
[2025-06-14 01:19:40] [32minfo[39m: [32mServer listening on port number 3410[39m
[2025-06-14 01:19:41] [32minfo[39m: [32mConnected to DB successfully[39m
[2025-06-14 01:19:51] [32minfo[39m: [32mServer listening on port number 3410[39m
[2025-06-14 01:19:51] [32minfo[39m: [32mConnected to DB successfully[39m
[2025-06-14 01:20:38] [32minfo[39m: [32mServer listening on port number ...:3410[39m
[2025-06-14 01:20:38] [32minfo[39m: [32mConnected to DB successfully[39m
[2025-06-14 01:21:39] [32minfo[39m: [32mServer running at http://localhost:3410[39m
[2025-06-14 01:21:39] [32minfo[39m: [32mConnected to DB successfully[39m
[2025-06-14 01:23:24] [32minfo[39m: [32mServer running at http://localhost:3410[39m
[2025-06-14 01:23:24] [32minfo[39m: [32mConnected to DB successfully[39m
[2025-06-14 01:24:17] [32minfo[39m: [32mServer running at http://localhost:3410[39m
[2025-06-14 01:24:17] [32minfo[39m: [32mConnected to DB successfully[39m
[2025-06-14 01:26:37] [32minfo[39m: [32mServer running at http://localhost:3410[39m
[2025-06-14 01:26:37] [32minfo[39m: [32mConnected to DB successfully[39m
[2025-06-14 01:26:43] [32minfo[39m: [32mServer running at 3410[39m
[2025-06-14 01:26:43] [32minfo[39m: [32mConnected to DB successfully[39m
[2025-06-14 01:30:35] [32minfo[39m: [32mServer running at 3410[39m
[2025-06-14 01:30:35] [32minfo[39m: [32mConnected to DB successfully[39m
[2025-06-14 01:31:29] [32minfo[39m: [32mServer running at 3410[39m
[2025-06-14 01:31:29] [32minfo[39m: [32mConnected to DB successfully[39m
[2025-06-14 01:31:54] [32minfo[39m: [32mServer running at 3410[39m
[2025-06-14 01:31:54] [32minfo[39m: [32mConnected to DB successfully[39m
[2025-06-14 01:32:02] [32minfo[39m: [32mServer running at 3410[39m
[2025-06-14 01:32:02] [32minfo[39m: [32mConnected to DB successfully[39m
[2025-06-14 01:32:51] [32minfo[39m: [32mServer running at 3410[39m
[2025-06-14 01:32:51] [32minfo[39m: [32mConnected to DB successfully[39m
[2025-06-14 01:33:49] [32minfo[39m: [32mServer running at 3410[39m
[2025-06-14 01:33:49] [32minfo[39m: [32mConnected to DB successfully[39m
[2025-06-14 01:34:00] [32minfo[39m: [32mServer running at 3410[39m
[2025-06-14 01:34:00] [32minfo[39m: [32mConnected to DB successfully[39m
[2025-06-14 01:34:25] [32minfo[39m: [32mServer running at 3410[39m
[2025-06-14 01:34:25] [32minfo[39m: [32mConnected to DB successfully[39m
[2025-06-14 01:34:33] [32minfo[39m: [32mServer running at 3410[39m
[2025-06-14 01:34:33] [32minfo[39m: [32mConnected to DB successfully[39m
[2025-06-14 01:34:44] [32minfo[39m: [32mServer running at 3410[39m
[2025-06-14 01:34:44] [32minfo[39m: [32mConnected to DB successfully[39m
[2025-06-14 01:35:09] [32minfo[39m: [32mServer running at 3410[39m
[2025-06-14 01:35:09] [32minfo[39m: [32mConnected to DB successfully[39m
[2025-06-14 01:35:26] [32minfo[39m: [32mServer running at 3410[39m
[2025-06-14 01:35:26] [32minfo[39m: [32mConnected to DB successfully[39m
[2025-06-14 01:35:35] [32minfo[39m: [32mServer running at 3410[39m
[2025-06-14 01:35:35] [32minfo[39m: [32mConnected to DB successfully[39m
[2025-06-14 01:36:14] [32minfo[39m: [32mServer running at 3410[39m
[2025-06-14 01:36:14] [32minfo[39m: [32mConnected to DB successfully[39m
[2025-06-14 01:36:33] [32minfo[39m: [32mServer running at 3410[39m
[2025-06-14 01:36:33] [32minfo[39m: [32mConnected to DB successfully[39m
[2025-06-14 01:36:41] [32minfo[39m: [32mServer running at 3410[39m
[2025-06-14 01:36:41] [32minfo[39m: [32mConnected to DB successfully[39m
[2025-06-14 01:37:39] [32minfo[39m: [32mServer running at 3410[39m
[2025-06-14 01:37:39] [32minfo[39m: [32mConnected to DB successfully[39m
[2025-06-14 01:38:44] [32minfo[39m: [32mServer running at 3410[39m
[2025-06-14 01:38:44] [32minfo[39m: [32mConnected to DB successfully[39m
[2025-06-14 01:40:56] [32minfo[39m: [32mServer running at 3410[39m
[2025-06-14 01:40:56] [32minfo[39m: [32mConnected to DB successfully[39m
[2025-06-14 01:41:00] [32minfo[39m: [32mServer running at 3410[39m
[2025-06-14 01:41:00] [32minfo[39m: [32mConnected to DB successfully[39m
[2025-06-14 01:42:26] [32minfo[39m: [32mServer running at 3410[39m
[2025-06-14 01:42:26] [32minfo[39m: [32mConnected to DB successfully[39m
[2025-06-14 01:43:21] [32minfo[39m: [32mServer running at 3410[39m
[2025-06-14 01:43:21] [32minfo[39m: [32mConnected to DB successfully[39m
[2025-06-14 01:44:18] [32minfo[39m: [32mServer running at 3410[39m
[2025-06-14 01:44:19] [32minfo[39m: [32mConnected to DB successfully[39m
[2025-06-14 01:44:35] [32minfo[39m: [32mServer running at 3410[39m
[2025-06-14 01:44:35] [32minfo[39m: [32mConnected to DB successfully[39m
[2025-06-14 01:44:55] [32minfo[39m: [32mServer running at 3410[39m
[2025-06-14 01:44:55] [32minfo[39m: [32mConnected to DB successfully[39m
